
> frontend@0.1.0 build
> next build

   Γû▓ Next.js 15.5.14
   - Environments: .env.local

   Creating an optimized production build ...
 Γ£ô Compiled successfully in 10.2s
   Skipping linting
   Checking validity of types ...
   Collecting page data ...
   Generating static pages (0/14) ...
   Generating static pages (3/14) 
   Generating static pages (6/14) 
   Generating static pages (10/14) 
 Γ£ô Generating static pages (14/14)
   Finalizing page optimization ...
   Collecting build traces ...

Route (app)                                 Size  First Load JS
Γöî Γùï /                                    3.44 kB         169 kB
Γö£ Γùï /_not-found                            990 B         103 kB
Γö£ Γùï /admin/orders                        2.99 kB         126 kB
Γö£ Γùï /admin/products                      2.75 kB         126 kB
Γö£ Γùï /cart                                 2.8 kB         151 kB
Γö£ Γùï /checkout                            7.49 kB         174 kB
Γö£ Γùï /login                               1.99 kB         170 kB
Γö£ Γùï /order-success                       3.31 kB         149 kB
Γö£ Γùï /orders                              2.87 kB         126 kB
Γö£ Γùï /products                            4.24 kB         170 kB
Γö£ ╞Æ /products/[id]                       3.43 kB         173 kB
Γöö Γùï /register                            2.01 kB         170 kB
+ First Load JS shared by all             102 kB
  Γö£ chunks/255-38b49df12a94ee57.js         46 kB
  Γö£ chunks/4bd1b696-c023c6e3521b1417.js  54.2 kB
  Γöö other shared chunks (total)          1.99 kB


Γùï  (Static)   prerendered as static content
╞Æ  (Dynamic)  server-rendered on demand

